BUYZONE server running on port 5000
MongoDB Connected: localhost
[0mGET /api/shop/products?search=&category=Fashion&sort=newest&page=1&limit=20 [32m200[0m 37.087 ms - 2254[0m
[0mGET /api/shop/products?search=&category=Sports&sort=newest&page=1&limit=20 [32m200[0m 13.537 ms - 3380[0m
[0mGET /api/shop/products?search=&category=Books&sort=newest&page=1&limit=20 [32m200[0m 16.943 ms - 3529[0m
[0mGET /api/shop/products?search=&category=Toys&sort=newest&page=1&limit=20 [32m200[0m 12.486 ms - 3454[0m
[0mGET /api/shop/products?search=&category=Automotive&sort=newest&page=1&limit=20 [32m200[0m 9.815 ms - 3647[0m
[0mGET /api/shop/products?search=&category=&sort=newest&page=1&limit=20 [32m200[0m 16.060 ms - 23056[0m
[0mGET /api/shop/products/featured [32m200[0m 14.629 ms - 33250[0m
[0mGET /api/shop/products?search=&category=Electronics&sort=newest&page=1&limit=20 [32m200[0m 9.610 ms - 4789[0m
[0mGET /api/shop/products?search=&category=&sort=newest&page=1&limit=20 [36m304[0m 14.688 ms - -[0m
[0mGET /api/shop/products?search=&category=&sort=newest&page=1&limit=20 [36m304[0m 12.709 ms - -[0m
[0mGET /health [32m200[0m 0.331 ms - 39[0m
[0mGET /api/shop/products?limit=3 [32m200[0m 7.795 ms - 3552[0m
[0mGET /api/shop/products?limit=3 [32m200[0m 5.940 ms - 3552[0m
[0mPOST /api/auth/customer/login [32m200[0m 262.431 ms - 523[0m
[0mPOST /api/auth/admin/login [32m200[0m 235.241 ms - 459[0m
[0mHEAD /api/shop/products?limit=1 [32m200[0m 7.069 ms - 1182[0m
[0mGET /api/shop/products?search=&category=&sort=newest&page=1&limit=20 [36m304[0m 22.350 ms - -[0m
[0mGET /api/cart [33m401[0m 1.515 ms - 28[0m
[0mPOST /api/auth/customer/refresh [33m401[0m 0.500 ms - 30[0m
[0mGET /api/shop/products/featured [36m304[0m 13.542 ms - -[0m
[0mPOST /api/cart/add [33m401[0m 0.316 ms - 28[0m
[0mPOST /api/auth/customer/refresh [33m401[0m 0.453 ms - 30[0m
[0mGET /api/shop/products/featured [36m304[0m 17.488 ms - -[0m
[0mGET /api/shop/products?search=&category=&sort=newest&page=1&limit=20 [36m304[0m 13.117 ms - -[0m
[0mGET /api/shop/products?search=&category=Fashion&sort=newest&page=1&limit=20 [36m304[0m 13.123 ms - -[0m
[0mPOST /api/auth/seller/login [32m200[0m 232.584 ms - 635[0m
[0mGET /api/admin/sellers/applications?status=pending [32m200[0m 5.286 ms - 44[0m
[0mGET /api/shop/products/featured [36m304[0m 20.543 ms - -[0m
[0mGET /api/shop/products/featured [36m304[0m 13.344 ms - -[0m
[0mGET /api/shop/products/featured [36m304[0m 14.868 ms - -[0m
[0mPOST /api/cart/add [33m401[0m 0.510 ms - 28[0m
[0mPOST /api/auth/customer/refresh [33m401[0m 0.521 ms - 30[0m
[0mGET /api/shop/products/featured [36m304[0m 14.202 ms - -[0m
[0mGET /api/cart [33m401[0m 0.196 ms - 28[0m
[0mPOST /api/auth/customer/refresh [33m401[0m 0.647 ms - 30[0m
[0mGET /api/shop/products/featured [36m304[0m 20.270 ms - -[0m
[0mGET /api/shop/products?search=&category=&sort=newest&page=1&limit=20 [36m304[0m 16.663 ms - -[0m
[0mGET /api/shop/products?search=&category=&sort=newest&page=1&limit=20 [36m304[0m 17.312 ms - -[0m
[0mGET /api/shop/products?search=&category=Toys&sort=newest&page=1&limit=20 [36m304[0m 7.958 ms - -[0m
[0mGET /api/shop/products?search=&category=Automotive&sort=newest&page=1&limit=20 [36m304[0m 9.155 ms - -[0m
[0mGET /api/shop/products?search=&category=Fashion&sort=newest&page=1&limit=20 [36m304[0m 7.595 ms - -[0m
[0mGET /api/shop/products?search=&category=&sort=newest&page=1&limit=20 [36m304[0m 31.869 ms - -[0m
[0mGET /api/shop/products/featured [36m304[0m 19.027 ms - -[0m
[0mGET /health [32m200[0m 0.542 ms - 39[0m
[0mGET /api/shop/products?limit=2&sort=newest [32m200[0m 10.610 ms - 2410[0m
[0mGET /api/shop/products/featured [36m304[0m 20.401 ms - -[0m
[0mPOST /api/cart/add [33m401[0m 0.441 ms - 28[0m
[0mPOST /api/auth/customer/refresh [33m401[0m 0.425 ms - 30[0m
[0mGET /api/shop/products/featured [36m304[0m 14.667 ms - -[0m
[0mGET /api/cart [33m401[0m 0.325 ms - 28[0m
[0mPOST /api/auth/customer/refresh [33m401[0m 0.877 ms - 30[0m
[0mGET /api/shop/products/featured [36m304[0m 19.744 ms - -[0m
[0mGET /api/shop/products?search=&category=Mobiles&sort=newest&page=1&limit=20 [32m200[0m 25.165 ms - 1289[0m
